exports[`Input renders without crashing 1`] = `
<div
  className="xYQAT"
  label="input label">
  <input
    id="1"
    onChange={[Function]}
    placeholder={undefined}
    type="text"
    value={undefined} />
  <label
    htmlFor={undefined}>
    input label
  </label>
  <span
    className="error" />
</div>
`;
