exports[`Input renders without crashing 1`] = `
<div
  className="fKFdDc"
  placeholder={undefined}
  value="">
  <input
    className=""
    defaultValue=""
    id="123"
    onChange={[Function]}
    placeholder={undefined}
    test={
      Object {
        "id": "1234",
      }
    }
    type="text" />
  <label
    htmlFor="123">
    input label
  </label>
</div>
`;
