exports[`Input renders without crashing 1`] = `
<div
  className="fwjBwY"
  placeholder={undefined}
  value="">
  <input
    className=""
    defaultValue=""
    id="123"
    onChange={[Function]}
    placeholder={undefined}
    type="text" />
  <label
    htmlFor="123">
    input label
  </label>
</div>
`;
